// Jest Snapshot v1, https://goo.gl/fbAQLP

exports[`ingredients should render 1`] = `
{
  "asFragment": [Function],
  "baseElement": <body>
    <div>
      <h3
        class="ant-typography css-dev-only-do-not-override-mxhywb"
      >
        Ingredients:
      </h3>
      <div
        class="ant-list ant-list-sm ant-list-split css-dev-only-do-not-override-mxhywb"
      >
        <div
          class="ant-spin-nested-loading css-dev-only-do-not-override-mxhywb"
        >
          <div
            class="ant-spin-container"
          >
            <ul
              class="ant-list-items"
            >
              <li
                class="ant-list-item"
              >
                <div
                  class="ant-list-item-meta"
                >
                  <div
                    class="ant-list-item-meta-content"
                  >
                    <div
                      class="ant-list-item-meta-description"
                    >
                      garlic
                    </div>
                  </div>
                </div>
                <div>
                  2
                   
                </div>
              </li>
              <li
                class="ant-list-item"
              >
                <div
                  class="ant-list-item-meta"
                >
                  <div
                    class="ant-list-item-meta-content"
                  >
                    <div
                      class="ant-list-item-meta-description"
                    >
                      tomatillos
                    </div>
                  </div>
                </div>
                <div>
                  5.5
                   
                  pounds
                </div>
              </li>
            </ul>
          </div>
        </div>
      </div>
    </div>
  </body>,
  "container": <div>
    <h3
      class="ant-typography css-dev-only-do-not-override-mxhywb"
    >
      Ingredients:
    </h3>
    <div
      class="ant-list ant-list-sm ant-list-split css-dev-only-do-not-override-mxhywb"
    >
      <div
        class="ant-spin-nested-loading css-dev-only-do-not-override-mxhywb"
      >
        <div
          class="ant-spin-container"
        >
          <ul
            class="ant-list-items"
          >
            <li
              class="ant-list-item"
            >
              <div
                class="ant-list-item-meta"
              >
                <div
                  class="ant-list-item-meta-content"
                >
                  <div
                    class="ant-list-item-meta-description"
                  >
                    garlic
                  </div>
                </div>
              </div>
              <div>
                2
                 
              </div>
            </li>
            <li
              class="ant-list-item"
            >
              <div
                class="ant-list-item-meta"
              >
                <div
                  class="ant-list-item-meta-content"
                >
                  <div
                    class="ant-list-item-meta-description"
                  >
                    tomatillos
                  </div>
                </div>
              </div>
              <div>
                5.5
                 
                pounds
              </div>
            </li>
          </ul>
        </div>
      </div>
    </div>
  </div>,
  "debug": [Function],
  "findAllByAltText": [Function],
  "findAllByDisplayValue": [Function],
  "findAllByLabelText": [Function],
  "findAllByPlaceholderText": [Function],
  "findAllByRole": [Function],
  "findAllByTestId": [Function],
  "findAllByText": [Function],
  "findAllByTitle": [Function],
  "findByAltText": [Function],
  "findByDisplayValue": [Function],
  "findByLabelText": [Function],
  "findByPlaceholderText": [Function],
  "findByRole": [Function],
  "findByTestId": [Function],
  "findByText": [Function],
  "findByTitle": [Function],
  "getAllByAltText": [Function],
  "getAllByDisplayValue": [Function],
  "getAllByLabelText": [Function],
  "getAllByPlaceholderText": [Function],
  "getAllByRole": [Function],
  "getAllByTestId": [Function],
  "getAllByText": [Function],
  "getAllByTitle": [Function],
  "getByAltText": [Function],
  "getByDisplayValue": [Function],
  "getByLabelText": [Function],
  "getByPlaceholderText": [Function],
  "getByRole": [Function],
  "getByTestId": [Function],
  "getByText": [Function],
  "getByTitle": [Function],
  "queryAllByAltText": [Function],
  "queryAllByDisplayValue": [Function],
  "queryAllByLabelText": [Function],
  "queryAllByPlaceholderText": [Function],
  "queryAllByRole": [Function],
  "queryAllByTestId": [Function],
  "queryAllByText": [Function],
  "queryAllByTitle": [Function],
  "queryByAltText": [Function],
  "queryByDisplayValue": [Function],
  "queryByLabelText": [Function],
  "queryByPlaceholderText": [Function],
  "queryByRole": [Function],
  "queryByTestId": [Function],
  "queryByText": [Function],
  "queryByTitle": [Function],
  "rerender": [Function],
  "unmount": [Function],
}
`;
