// Jest Snapshot v1, https://goo.gl/fbAQLP

exports[`recipetaglist should render 1`] = `
{
  "asFragment": [Function],
  "baseElement": <body>
    <div>
      <div
        class="recipeTagContainer"
      >
        <div
          class="tagBlock"
        >
          <div
            class="tagTitle"
          >
            TAG
          </div>
          <div
            class="tagContent"
          >
            tag content
          </div>
        </div>
        <div
          class="ant-divider css-dev-only-do-not-override-mxhywb ant-divider-vertical"
          role="separator"
        />
        <div
          class="tagBlock"
        >
          <div
            class="tagTitle"
          >
            REACT
          </div>
          <div
            class="tagContent"
          >
            react content
          </div>
        </div>
        <div
          class="ant-divider css-dev-only-do-not-override-mxhywb ant-divider-vertical"
          role="separator"
        />
        <div
          class="tagBlock"
        >
          <div
            class="tagTitle"
          >
            SERVINGS
          </div>
          <div
            class="tagContent"
          >
            1 person
          </div>
        </div>
        <div
          class="ant-divider css-dev-only-do-not-override-mxhywb ant-divider-vertical"
          role="separator"
        />
        <div
          class="tagBlock"
        >
          <div
            class="tagTitle"
          >
            PREP TIME
          </div>
          <div
            class="tagContent"
          >
            34 min
          </div>
        </div>
      </div>
    </div>
  </body>,
  "container": <div>
    <div
      class="recipeTagContainer"
    >
      <div
        class="tagBlock"
      >
        <div
          class="tagTitle"
        >
          TAG
        </div>
        <div
          class="tagContent"
        >
          tag content
        </div>
      </div>
      <div
        class="ant-divider css-dev-only-do-not-override-mxhywb ant-divider-vertical"
        role="separator"
      />
      <div
        class="tagBlock"
      >
        <div
          class="tagTitle"
        >
          REACT
        </div>
        <div
          class="tagContent"
        >
          react content
        </div>
      </div>
      <div
        class="ant-divider css-dev-only-do-not-override-mxhywb ant-divider-vertical"
        role="separator"
      />
      <div
        class="tagBlock"
      >
        <div
          class="tagTitle"
        >
          SERVINGS
        </div>
        <div
          class="tagContent"
        >
          1 person
        </div>
      </div>
      <div
        class="ant-divider css-dev-only-do-not-override-mxhywb ant-divider-vertical"
        role="separator"
      />
      <div
        class="tagBlock"
      >
        <div
          class="tagTitle"
        >
          PREP TIME
        </div>
        <div
          class="tagContent"
        >
          34 min
        </div>
      </div>
    </div>
  </div>,
  "debug": [Function],
  "findAllByAltText": [Function],
  "findAllByDisplayValue": [Function],
  "findAllByLabelText": [Function],
  "findAllByPlaceholderText": [Function],
  "findAllByRole": [Function],
  "findAllByTestId": [Function],
  "findAllByText": [Function],
  "findAllByTitle": [Function],
  "findByAltText": [Function],
  "findByDisplayValue": [Function],
  "findByLabelText": [Function],
  "findByPlaceholderText": [Function],
  "findByRole": [Function],
  "findByTestId": [Function],
  "findByText": [Function],
  "findByTitle": [Function],
  "getAllByAltText": [Function],
  "getAllByDisplayValue": [Function],
  "getAllByLabelText": [Function],
  "getAllByPlaceholderText": [Function],
  "getAllByRole": [Function],
  "getAllByTestId": [Function],
  "getAllByText": [Function],
  "getAllByTitle": [Function],
  "getByAltText": [Function],
  "getByDisplayValue": [Function],
  "getByLabelText": [Function],
  "getByPlaceholderText": [Function],
  "getByRole": [Function],
  "getByTestId": [Function],
  "getByText": [Function],
  "getByTitle": [Function],
  "queryAllByAltText": [Function],
  "queryAllByDisplayValue": [Function],
  "queryAllByLabelText": [Function],
  "queryAllByPlaceholderText": [Function],
  "queryAllByRole": [Function],
  "queryAllByTestId": [Function],
  "queryAllByText": [Function],
  "queryAllByTitle": [Function],
  "queryByAltText": [Function],
  "queryByDisplayValue": [Function],
  "queryByLabelText": [Function],
  "queryByPlaceholderText": [Function],
  "queryByRole": [Function],
  "queryByTestId": [Function],
  "queryByText": [Function],
  "queryByTitle": [Function],
  "rerender": [Function],
  "unmount": [Function],
}
`;
